[2026-09-05 18:19:40] ===========================================================================
[2026-09-05 18:19:40] Starting Training: FOVI Model (FOVI ICML Paper Recipe)
[2026-09-05 18:19:40] Device: cuda (NVIDIA GeForce RTX 5060 Laptop GPU)
[2026-09-05 18:19:40] Epochs: 1 | Batch Size: 64 | Learning Rate: 0.0005 | Weight Decay: 0.01
[2026-09-05 18:19:40] FOVI Strategy: Saccadic sampling with 4 fixations in radius r=0.25 (as in paper)
[2026-09-05 18:19:40] Log File: /home/anshu/deepak/ViT-Finetuning/checkpoints/train_fovi.log
[2026-09-05 18:19:40] ===========================================================================
[2026-09-05 18:30:09] ===========================================================================
[2026-09-05 18:30:09] Starting Training: FOVI Model (FOVI ICML Paper Recipe)
[2026-09-05 18:30:09] Device: cuda (NVIDIA GeForce RTX 5060 Laptop GPU)
[2026-09-05 18:30:09] Epochs: 1 | Batch Size: 64 | Learning Rate: 0.0005 | Weight Decay: 0.01
[2026-09-05 18:30:09] FOVI Strategy: Saccadic sampling with 4 fixations in radius r=0.25 (as in paper)
[2026-09-05 18:30:09] Log File: /home/anshu/deepak/ViT-Finetuning/checkpoints/train_fovi.log
[2026-09-05 18:30:09] ===========================================================================
[2026-09-05 18:31:29] ===========================================================================
[2026-09-05 18:31:29] Starting Training: FOVI Model (FOVI ICML Paper Recipe)
[2026-09-05 18:31:29] Device: cuda (NVIDIA GeForce RTX 5060 Laptop GPU)
[2026-09-05 18:31:29] Epochs: 1 | Batch Size: 64 | Learning Rate: 0.0005 | Weight Decay: 0.01
[2026-09-05 18:31:29] FOVI Strategy: Saccadic sampling with 4 fixations in radius r=0.25 (as in paper)
[2026-09-05 18:31:29] Log File: /home/anshu/deepak/ViT-Finetuning/checkpoints/train_fovi.log
[2026-09-05 18:31:29] ===========================================================================
[2026-09-05 18:38:26] ===========================================================================
[2026-09-05 18:38:26] Starting Training: FOVI Model (FOVI ICML Paper Recipe)
[2026-09-05 18:38:26] Device: cuda (NVIDIA GeForce RTX 5060 Laptop GPU)
[2026-09-05 18:38:26] Epochs: 1 | Batch Size: 64 | Learning Rate: 0.0005 | Weight Decay: 0.01
[2026-09-05 18:38:26] FOVI Strategy: Saccadic sampling with 4 fixations in radius r=0.25 (as in paper)
[2026-09-05 18:38:26] Log File: /home/anshu/deepak/ViT-Finetuning/checkpoints/train_fovi.log
[2026-09-05 18:38:26] ===========================================================================
[2026-09-05 18:45:10] ===========================================================================
[2026-09-05 18:45:10] Starting Training: FOVI Model (FOVI ICML Paper Recipe)
[2026-09-05 18:45:10] Device: cuda (NVIDIA GeForce RTX 5060 Laptop GPU)
[2026-09-05 18:45:10] Epochs: 1 | Batch Size: 64 | Learning Rate: 0.0005 | Weight Decay: 0.01
[2026-09-05 18:45:10] FOVI Strategy: Saccadic sampling with 4 fixations in radius r=0.25 (as in paper)
[2026-09-05 18:45:10] Log File: /home/anshu/deepak/ViT-Finetuning/checkpoints/train_fovi.log
[2026-09-05 18:45:10] ===========================================================================
[2026-09-05 18:45:10] Parameters -> Total: 5,704,612 | Trainable (LoRA+Head): 353,572 (6.20%)
[2026-09-05 18:45:10] --- Epoch [01/01] (LR: 0.000500) ---
[2026-09-05 18:49:18] ===========================================================================
[2026-09-05 18:49:18] Starting Training: FOVI Model (FOVI ICML Paper Recipe)
[2026-09-05 18:49:18] Device: cuda (NVIDIA GeForce RTX 5060 Laptop GPU)
[2026-09-05 18:49:18] Epochs: 1 | Batch Size: 64 | Learning Rate: 0.0005 | Weight Decay: 0.01
[2026-09-05 18:49:18] FOVI Strategy: Saccadic sampling with 4 fixations in radius r=0.25 (as in paper)
[2026-09-05 18:49:18] Log File: /home/anshu/deepak/ViT-Finetuning/checkpoints/train_fovi.log
[2026-09-05 18:49:18] ===========================================================================
[2026-09-05 18:49:20] Parameters -> Total: 5,704,612 | Trainable (LoRA+Head): 353,572 (6.20%)
[2026-09-05 18:49:20] --- Epoch [01/01] (LR: 0.000500) ---
[2026-09-05 18:52:33]   Train -> Loss: 3.1259 | Top-1: 29.69% | Top-5: 55.00% (170.9s)
[2026-09-05 18:52:33]   Val   -> Loss: 2.1827 | Top-1: 50.72% | Top-5: 78.52% (22.1s) [* BEST CHECKPOINT SAVED *]
[2026-09-05 18:52:33] ===========================================================================
[2026-09-05 18:52:33] Training for FOVI completed!
[2026-09-05 18:52:33] Best Val Top-1 Accuracy : 50.72% (Epoch 1)
[2026-09-05 18:52:33] Best Checkpoint File    : /home/anshu/deepak/ViT-Finetuning/checkpoints/best_fovi_model.pt
[2026-09-05 18:52:33] Final Weights File      : /home/anshu/deepak/ViT-Finetuning/checkpoints/final_fovi_model.pt
[2026-09-05 18:52:33] LoRA Adapter File       : /home/anshu/deepak/ViT-Finetuning/checkpoints/lora_weights_fovi.pt
[2026-09-05 18:52:33] History Metrics File    : /home/anshu/deepak/ViT-Finetuning/checkpoints/history_fovi.json
[2026-09-05 18:52:33] Log File Saved          : /home/anshu/deepak/ViT-Finetuning/checkpoints/train_fovi.log
[2026-09-05 18:52:33] ===========================================================================

[2026-09-05 21:30:41] ===========================================================================
[2026-09-05 21:30:41] Starting Training: FOVI Model (FOVI ICML Paper Recipe)
[2026-09-05 21:30:41] Device: cuda (NVIDIA GeForce RTX 5060 Laptop GPU)
[2026-09-05 21:30:41] Epochs: 50 | Batch Size: 64 | Learning Rate: 0.0005 | Weight Decay: 0.01
[2026-09-05 21:30:41] FOVI Strategy: Saccadic sampling with 4 fixations in radius r=0.25 (as in paper)
[2026-09-05 21:30:41] Log File: /home/anshu/deepak/ViT-Finetuning/checkpoints/train_fovi.log
[2026-09-05 21:30:41] ===========================================================================
[2026-09-05 21:30:54] Parameters -> Total: 5,704,612 | Trainable (LoRA+Head): 353,572 (6.20%)
[2026-09-05 21:30:54] --- Epoch [01/50] (LR: 0.000050) ---
[2026-09-05 21:34:05]   Train -> Loss: 4.4432 | Top-1: 5.08% | Top-5: 16.64% (172.0s)
[2026-09-05 21:34:05]   Val   -> Loss: 3.9964 | Top-1: 11.72% | Top-5: 31.32% (19.0s) [* BEST CHECKPOINT SAVED *]
[2026-09-05 21:34:05] --- Epoch [02/50] (LR: 0.000275) ---
[2026-09-05 21:37:16]   Train -> Loss: 3.1224 | Top-1: 28.29% | Top-5: 56.60% (170.7s)
[2026-09-05 21:37:16]   Val   -> Loss: 2.6314 | Top-1: 40.22% | Top-5: 69.32% (20.5s) [* BEST CHECKPOINT SAVED *]
[2026-09-05 21:37:16] --- Epoch [03/50] (LR: 0.000500) ---
[2026-09-05 21:40:28]   Train -> Loss: 2.2309 | Top-1: 49.53% | Top-5: 77.70% (171.5s)
[2026-09-05 21:40:28]   Val   -> Loss: 1.9169 | Top-1: 56.62% | Top-5: 84.12% (20.6s) [* BEST CHECKPOINT SAVED *]
[2026-09-05 21:40:28] --- Epoch [04/50] (LR: 0.000499) ---
[2026-09-05 21:43:37]   Train -> Loss: 1.7205 | Top-1: 63.10% | Top-5: 87.08% (169.8s)
[2026-09-05 21:43:37]   Val   -> Loss: 1.6893 | Top-1: 63.94% | Top-5: 87.48% (19.1s) [* BEST CHECKPOINT SAVED *]
[2026-09-05 21:43:37] --- Epoch [05/50] (LR: 0.000498) ---
[2026-09-05 21:46:49]   Train -> Loss: 1.5066 | Top-1: 69.01% | Top-5: 90.56% (171.0s)
[2026-09-05 21:46:49]   Val   -> Loss: 1.6061 | Top-1: 65.58% | Top-5: 88.68% (20.6s) [* BEST CHECKPOINT SAVED *]
[2026-09-05 21:46:49] --- Epoch [06/50] (LR: 0.000495) ---
[2026-09-05 21:50:00]   Train -> Loss: 1.3768 | Top-1: 72.83% | Top-5: 92.48% (170.3s)
[2026-09-05 21:50:00]   Val   -> Loss: 1.5690 | Top-1: 67.28% | Top-5: 89.34% (20.6s) [* BEST CHECKPOINT SAVED *]
[2026-09-05 21:50:00] --- Epoch [07/50] (LR: 0.000491) ---
[2026-09-05 21:53:09]   Train -> Loss: 1.2859 | Top-1: 75.61% | Top-5: 93.77% (170.2s)
[2026-09-05 21:53:09]   Val   -> Loss: 1.5127 | Top-1: 68.50% | Top-5: 90.02% (18.8s) [* BEST CHECKPOINT SAVED *]
[2026-09-05 21:53:09] --- Epoch [08/50] (LR: 0.000487) ---
[2026-09-05 21:56:20]   Train -> Loss: 1.2071 | Top-1: 78.16% | Top-5: 94.69% (170.4s)
[2026-09-05 21:56:20]   Val   -> Loss: 1.4945 | Top-1: 69.56% | Top-5: 90.66% (20.7s) [* BEST CHECKPOINT SAVED *]
[2026-09-05 21:56:20] --- Epoch [09/50] (LR: 0.000481) ---
[2026-09-05 21:59:29]   Train -> Loss: 1.1527 | Top-1: 79.94% | Top-5: 95.42% (169.4s)
[2026-09-05 21:59:29]   Val   -> Loss: 1.5031 | Top-1: 68.98% | Top-5: 90.48% (18.9s)
[2026-09-05 21:59:29] --- Epoch [10/50] (LR: 0.000474) ---
[2026-09-05 22:02:40]   Train -> Loss: 1.1019 | Top-1: 81.39% | Top-5: 96.04% (171.9s)
[2026-09-05 22:02:40]   Val   -> Loss: 1.4811 | Top-1: 70.54% | Top-5: 91.02% (19.0s) [* BEST CHECKPOINT SAVED *]
[2026-09-05 22:02:40] --- Epoch [11/50] (LR: 0.000467) ---
[2026-09-05 22:05:52]   Train -> Loss: 1.0540 | Top-1: 83.01% | Top-5: 96.67% (171.7s)
[2026-09-05 22:05:52]   Val   -> Loss: 1.5089 | Top-1: 69.68% | Top-5: 90.60% (20.7s)
[2026-09-05 22:05:52] --- Epoch [12/50] (LR: 0.000458) ---
[2026-09-05 22:09:01]   Train -> Loss: 1.0182 | Top-1: 84.24% | Top-5: 96.94% (170.3s)
[2026-09-05 22:09:01]   Val   -> Loss: 1.4919 | Top-1: 70.50% | Top-5: 90.52% (19.0s)
[2026-09-05 22:09:01] --- Epoch [13/50] (LR: 0.000448) ---
[2026-09-05 22:12:12]   Train -> Loss: 0.9804 | Top-1: 85.49% | Top-5: 97.49% (169.5s)
[2026-09-05 22:12:12]   Val   -> Loss: 1.5083 | Top-1: 70.12% | Top-5: 90.32% (20.7s)
[2026-09-05 22:12:12] --- Epoch [14/50] (LR: 0.000438) ---
[2026-09-05 22:15:23]   Train -> Loss: 0.9420 | Top-1: 86.99% | Top-5: 97.76% (170.9s)
[2026-09-05 22:15:23]   Val   -> Loss: 1.5181 | Top-1: 69.98% | Top-5: 90.22% (20.6s)
[2026-09-05 22:15:23] --- Epoch [15/50] (LR: 0.000427) ---
[2026-09-05 22:18:32]   Train -> Loss: 0.9122 | Top-1: 87.92% | Top-5: 98.22% (169.8s)
[2026-09-05 22:18:32]   Val   -> Loss: 1.5227 | Top-1: 70.08% | Top-5: 90.28% (19.0s)
[2026-09-05 22:18:32] --- Epoch [16/50] (LR: 0.000415) ---
[2026-09-05 22:21:42]   Train -> Loss: 0.8803 | Top-1: 89.33% | Top-5: 98.42% (169.7s)
[2026-09-05 22:21:42]   Val   -> Loss: 1.5515 | Top-1: 69.52% | Top-5: 89.94% (20.7s)
[2026-09-05 22:21:42] --- Epoch [17/50] (LR: 0.000402) ---
[2026-09-05 22:24:51]   Train -> Loss: 0.8587 | Top-1: 90.09% | Top-5: 98.59% (170.0s)
[2026-09-05 22:24:51]   Val   -> Loss: 1.5462 | Top-1: 70.14% | Top-5: 90.20% (19.2s)
[2026-09-05 22:24:51] --- Epoch [18/50] (LR: 0.000389) ---
[2026-09-05 22:28:02]   Train -> Loss: 0.8311 | Top-1: 90.97% | Top-5: 98.86% (169.7s)
[2026-09-05 22:28:02]   Val   -> Loss: 1.5593 | Top-1: 69.36% | Top-5: 90.00% (20.7s)
[2026-09-05 22:28:02] --- Epoch [19/50] (LR: 0.000375) ---
[2026-09-05 22:31:12]   Train -> Loss: 0.7996 | Top-1: 92.27% | Top-5: 99.06% (169.0s)
[2026-09-05 22:31:12]   Val   -> Loss: 1.5809 | Top-1: 69.12% | Top-5: 90.02% (20.8s)
[2026-09-05 22:31:12] --- Epoch [20/50] (LR: 0.000361) ---
[2026-09-05 22:34:21]   Train -> Loss: 0.7739 | Top-1: 93.26% | Top-5: 99.28% (170.4s)
[2026-09-05 22:34:21]   Val   -> Loss: 1.5700 | Top-1: 69.70% | Top-5: 89.90% (19.0s)
[2026-09-05 22:34:21] --- Epoch [21/50] (LR: 0.000346) ---
[2026-09-05 22:37:32]   Train -> Loss: 0.7559 | Top-1: 93.90% | Top-5: 99.41% (170.3s)
[2026-09-05 22:37:32]   Val   -> Loss: 1.5764 | Top-1: 69.32% | Top-5: 90.00% (20.7s)
[2026-09-05 22:37:32] --- Epoch [22/50] (LR: 0.000331) ---
[2026-09-05 22:40:40]   Train -> Loss: 0.7332 | Top-1: 94.78% | Top-5: 99.53% (168.7s)
[2026-09-05 22:40:40]   Val   -> Loss: 1.5986 | Top-1: 68.78% | Top-5: 89.84% (19.4s)
[2026-09-05 22:40:40] --- Epoch [23/50] (LR: 0.000315) ---
[2026-09-05 22:43:51]   Train -> Loss: 0.7151 | Top-1: 95.47% | Top-5: 99.62% (169.9s)
[2026-09-05 22:43:51]   Val   -> Loss: 1.5980 | Top-1: 69.02% | Top-5: 89.14% (20.7s)
[2026-09-05 22:43:51] --- Epoch [24/50] (LR: 0.000299) ---
[2026-09-05 22:47:03]   Train -> Loss: 0.6957 | Top-1: 96.11% | Top-5: 99.73% (171.2s)
[2026-09-05 22:47:03]   Val   -> Loss: 1.5910 | Top-1: 69.70% | Top-5: 89.60% (20.9s)
[2026-09-05 22:47:03] --- Epoch [25/50] (LR: 0.000283) ---
[2026-09-05 22:50:12]   Train -> Loss: 0.6778 | Top-1: 96.87% | Top-5: 99.75% (170.3s)
[2026-09-05 22:50:12]   Val   -> Loss: 1.5951 | Top-1: 69.34% | Top-5: 89.46% (18.7s)
[2026-09-05 22:50:12] --- Epoch [26/50] (LR: 0.000267) ---
[2026-09-05 22:53:26]   Train -> Loss: 0.6608 | Top-1: 97.34% | Top-5: 99.83% (173.1s)
[2026-09-05 22:53:26]   Val   -> Loss: 1.6042 | Top-1: 69.34% | Top-5: 89.50% (20.9s)
[2026-09-05 22:53:26] --- Epoch [27/50] (LR: 0.000250) ---
[2026-09-05 22:56:34]   Train -> Loss: 0.6423 | Top-1: 98.06% | Top-5: 99.88% (169.3s)
[2026-09-05 22:56:34]   Val   -> Loss: 1.6147 | Top-1: 68.84% | Top-5: 89.32% (19.0s)
[2026-09-05 22:56:34] --- Epoch [28/50] (LR: 0.000234) ---
[2026-09-05 22:59:45]   Train -> Loss: 0.6315 | Top-1: 98.34% | Top-5: 99.91% (169.8s)
[2026-09-05 22:59:45]   Val   -> Loss: 1.6287 | Top-1: 68.86% | Top-5: 89.04% (20.8s)
[2026-09-05 22:59:45] --- Epoch [29/50] (LR: 0.000218) ---
[2026-09-05 23:02:56]   Train -> Loss: 0.6180 | Top-1: 98.73% | Top-5: 99.94% (170.7s)
[2026-09-05 23:02:56]   Val   -> Loss: 1.6256 | Top-1: 68.90% | Top-5: 89.12% (20.8s)
[2026-09-05 23:02:56] --- Epoch [30/50] (LR: 0.000202) ---
[2026-09-05 23:06:06]   Train -> Loss: 0.6048 | Top-1: 99.05% | Top-5: 99.95% (171.1s)
[2026-09-05 23:06:06]   Val   -> Loss: 1.6257 | Top-1: 68.78% | Top-5: 88.80% (18.7s)
[2026-09-05 23:06:06] --- Epoch [31/50] (LR: 0.000186) ---
[2026-09-05 23:09:17]   Train -> Loss: 0.5930 | Top-1: 99.37% | Top-5: 99.97% (170.2s)
[2026-09-05 23:09:17]   Val   -> Loss: 1.6231 | Top-1: 69.06% | Top-5: 89.04% (21.1s)
[2026-09-05 23:09:17] --- Epoch [32/50] (LR: 0.000170) ---
[2026-09-05 23:12:28]   Train -> Loss: 0.5849 | Top-1: 99.42% | Top-5: 99.98% (171.2s)
[2026-09-05 23:12:28]   Val   -> Loss: 1.6274 | Top-1: 68.92% | Top-5: 88.70% (19.0s)
[2026-09-05 23:12:28] --- Epoch [33/50] (LR: 0.000155) ---
[2026-09-05 23:15:40]   Train -> Loss: 0.5758 | Top-1: 99.64% | Top-5: 99.99% (173.1s)
[2026-09-05 23:15:40]   Val   -> Loss: 1.6321 | Top-1: 68.74% | Top-5: 88.84% (19.0s)
[2026-09-05 23:15:40] --- Epoch [34/50] (LR: 0.000140) ---
[2026-09-05 23:18:52]   Train -> Loss: 0.5685 | Top-1: 99.71% | Top-5: 100.00% (171.3s)
[2026-09-05 23:18:52]   Val   -> Loss: 1.6330 | Top-1: 69.16% | Top-5: 88.44% (20.8s)
[2026-09-05 23:18:52] --- Epoch [35/50] (LR: 0.000126) ---
[2026-09-05 23:22:02]   Train -> Loss: 0.5606 | Top-1: 99.81% | Top-5: 99.99% (171.1s)
[2026-09-05 23:22:02]   Val   -> Loss: 1.6360 | Top-1: 68.92% | Top-5: 88.38% (19.0s)
[2026-09-05 23:22:02] --- Epoch [36/50] (LR: 0.000112) ---
[2026-09-05 23:25:16]   Train -> Loss: 0.5540 | Top-1: 99.88% | Top-5: 100.00% (172.5s)
[2026-09-05 23:25:16]   Val   -> Loss: 1.6438 | Top-1: 69.18% | Top-5: 88.22% (21.0s)
[2026-09-05 23:25:16] --- Epoch [37/50] (LR: 0.000099) ---
[2026-09-05 23:28:26]   Train -> Loss: 0.5493 | Top-1: 99.90% | Top-5: 100.00% (169.3s)
[2026-09-05 23:28:26]   Val   -> Loss: 1.6464 | Top-1: 68.68% | Top-5: 88.00% (21.6s)
[2026-09-05 23:28:26] --- Epoch [38/50] (LR: 0.000086) ---
[2026-09-05 23:31:37]   Train -> Loss: 0.5439 | Top-1: 99.92% | Top-5: 100.00% (171.8s)
[2026-09-05 23:31:37]   Val   -> Loss: 1.6482 | Top-1: 68.96% | Top-5: 88.34% (18.7s)
[2026-09-05 23:31:37] --- Epoch [39/50] (LR: 0.000074) ---
[2026-09-05 23:34:50]   Train -> Loss: 0.5403 | Top-1: 99.94% | Top-5: 99.99% (172.0s)
[2026-09-05 23:34:50]   Val   -> Loss: 1.6395 | Top-1: 69.02% | Top-5: 88.16% (20.8s)
[2026-09-05 23:34:50] --- Epoch [40/50] (LR: 0.000063) ---
[2026-09-05 23:37:59]   Train -> Loss: 0.5362 | Top-1: 99.96% | Top-5: 100.00% (170.3s)
[2026-09-05 23:37:59]   Val   -> Loss: 1.6459 | Top-1: 68.76% | Top-5: 87.68% (19.1s)
[2026-09-05 23:37:59] --- Epoch [41/50] (LR: 0.000053) ---
[2026-09-05 23:41:10]   Train -> Loss: 0.5328 | Top-1: 99.96% | Top-5: 100.00% (169.6s)
[2026-09-05 23:41:10]   Val   -> Loss: 1.6470 | Top-1: 68.90% | Top-5: 87.84% (21.1s)
[2026-09-05 23:41:10] --- Epoch [42/50] (LR: 0.000043) ---
[2026-09-05 23:44:22]   Train -> Loss: 0.5303 | Top-1: 99.97% | Top-5: 100.00% (170.6s)
[2026-09-05 23:44:22]   Val   -> Loss: 1.6490 | Top-1: 68.86% | Top-5: 87.70% (20.9s)
[2026-09-05 23:44:22] --- Epoch [43/50] (LR: 0.000034) ---
[2026-09-05 23:47:32]   Train -> Loss: 0.5279 | Top-1: 99.97% | Top-5: 100.00% (171.5s)
[2026-09-05 23:47:32]   Val   -> Loss: 1.6506 | Top-1: 68.90% | Top-5: 87.70% (18.6s)
[2026-09-05 23:47:32] --- Epoch [44/50] (LR: 0.000027) ---
[2026-09-05 23:50:44]   Train -> Loss: 0.5258 | Top-1: 99.98% | Top-5: 100.00% (170.9s)
[2026-09-05 23:50:44]   Val   -> Loss: 1.6528 | Top-1: 68.94% | Top-5: 87.66% (21.1s)
[2026-09-05 23:50:44] --- Epoch [45/50] (LR: 0.000020) ---
[2026-09-05 23:53:56]   Train -> Loss: 0.5246 | Top-1: 99.98% | Top-5: 100.00% (172.9s)
[2026-09-05 23:53:56]   Val   -> Loss: 1.6568 | Top-1: 68.84% | Top-5: 87.64% (19.1s)
[2026-09-05 23:53:56] --- Epoch [46/50] (LR: 0.000014) ---
[2026-09-05 23:57:07]   Train -> Loss: 0.5228 | Top-1: 99.98% | Top-5: 100.00% (170.7s)
[2026-09-05 23:57:07]   Val   -> Loss: 1.6564 | Top-1: 68.70% | Top-5: 87.52% (20.9s)
[2026-09-05 23:57:07] --- Epoch [47/50] (LR: 0.000010) ---
[2026-09-06 00:00:19]   Train -> Loss: 0.5220 | Top-1: 99.98% | Top-5: 100.00% (170.9s)
[2026-09-06 00:00:19]   Val   -> Loss: 1.6585 | Top-1: 68.72% | Top-5: 87.60% (20.8s)
[2026-09-06 00:00:19] --- Epoch [48/50] (LR: 0.000006) ---
[2026-09-06 00:03:29]   Train -> Loss: 0.5217 | Top-1: 99.97% | Top-5: 100.00% (171.1s)
[2026-09-06 00:03:29]   Val   -> Loss: 1.6579 | Top-1: 68.74% | Top-5: 87.58% (18.8s)
[2026-09-06 00:03:29] --- Epoch [49/50] (LR: 0.000003) ---
[2026-09-06 00:06:40]   Train -> Loss: 0.5209 | Top-1: 99.97% | Top-5: 100.00% (170.5s)
[2026-09-06 00:06:40]   Val   -> Loss: 1.6582 | Top-1: 68.66% | Top-5: 87.44% (21.0s)
[2026-09-06 00:06:40] --- Epoch [50/50] (LR: 0.000002) ---
[2026-09-06 00:09:51]   Train -> Loss: 0.5204 | Top-1: 99.99% | Top-5: 100.00% (171.1s)
[2026-09-06 00:09:51]   Val   -> Loss: 1.6581 | Top-1: 68.72% | Top-5: 87.50% (19.1s)
[2026-09-06 00:09:51] ===========================================================================
[2026-09-06 00:09:51] Training for FOVI completed!
[2026-09-06 00:09:51] Best Val Top-1 Accuracy : 70.54% (Epoch 10)
[2026-09-06 00:09:51] Best Checkpoint File    : /home/anshu/deepak/ViT-Finetuning/checkpoints/best_fovi_model.pt
[2026-09-06 00:09:51] Final Weights File      : /home/anshu/deepak/ViT-Finetuning/checkpoints/final_fovi_model.pt
[2026-09-06 00:09:51] LoRA Adapter File       : /home/anshu/deepak/ViT-Finetuning/checkpoints/lora_weights_fovi.pt
[2026-09-06 00:09:51] History Metrics File    : /home/anshu/deepak/ViT-Finetuning/checkpoints/history_fovi.json
[2026-09-06 00:09:51] Log File Saved          : /home/anshu/deepak/ViT-Finetuning/checkpoints/train_fovi.log
[2026-09-06 00:09:51] ===========================================================================

