[2026-09-05 17:42:52] ===========================================================================
[2026-09-05 17:42:52] Starting Training: BASELINE Model (FOVI ICML Paper Recipe)
[2026-09-05 17:42:52] Device: cuda (NVIDIA GeForce RTX 5060 Laptop GPU)
[2026-09-05 17:42:52] Epochs: 50 | Batch Size: 64 | Learning Rate: 0.0005 | Weight Decay: 0.01
[2026-09-05 17:42:52] Baseline Strategy: Standard uniform 14x14 grid @ 224 (1 fixation)
[2026-09-05 17:42:52] Log File: /home/anshu/deepak/ViT-Finetuning/checkpoints/train_baseline.log
[2026-09-05 17:42:52] ===========================================================================
[2026-09-05 17:48:34] ===========================================================================
[2026-09-05 17:48:34] Starting Training: BASELINE Model (FOVI ICML Paper Recipe)
[2026-09-05 17:48:34] Device: cuda (NVIDIA GeForce RTX 5060 Laptop GPU)
[2026-09-05 17:48:34] Epochs: 50 | Batch Size: 64 | Learning Rate: 0.0005 | Weight Decay: 0.01
[2026-09-05 17:48:34] Baseline Strategy: Standard uniform 14x14 grid @ 224 (1 fixation)
[2026-09-05 17:48:34] Log File: /home/anshu/deepak/ViT-Finetuning/checkpoints/train_baseline.log
[2026-09-05 17:48:34] ===========================================================================
[2026-09-05 17:51:44] ===========================================================================
[2026-09-05 17:51:44] Starting Training: BASELINE Model (FOVI ICML Paper Recipe)
[2026-09-05 17:51:44] Device: cuda (NVIDIA GeForce RTX 5060 Laptop GPU)
[2026-09-05 17:51:44] Epochs: 50 | Batch Size: 64 | Learning Rate: 0.0005 | Weight Decay: 0.01
[2026-09-05 17:51:44] Baseline Strategy: Standard uniform 14x14 grid @ 224 (1 fixation)
[2026-09-05 17:51:44] Log File: /home/anshu/deepak/ViT-Finetuning/checkpoints/train_baseline.log
[2026-09-05 17:51:44] ===========================================================================
[2026-09-05 17:55:14] ===========================================================================
[2026-09-05 17:55:14] Starting Training: BASELINE Model (FOVI ICML Paper Recipe)
[2026-09-05 17:55:14] Device: cuda (NVIDIA GeForce RTX 5060 Laptop GPU)
[2026-09-05 17:55:14] Epochs: 50 | Batch Size: 64 | Learning Rate: 0.0005 | Weight Decay: 0.01
[2026-09-05 17:55:14] Baseline Strategy: Standard uniform 14x14 grid @ 224 (1 fixation)
[2026-09-05 17:55:14] Log File: /home/anshu/deepak/ViT-Finetuning/checkpoints/train_baseline.log
[2026-09-05 17:55:14] ===========================================================================
[2026-09-05 17:55:15] Parameters -> Total: 5,691,172 | Trainable (LoRA+Head): 314,404 (5.52%)
[2026-09-05 17:55:15] --- Epoch [01/50] (LR: 0.000050) ---
[2026-09-05 17:58:08] ===========================================================================
[2026-09-05 17:58:08] Starting Training: BASELINE Model (FOVI ICML Paper Recipe)
[2026-09-05 17:58:08] Device: cuda (NVIDIA GeForce RTX 5060 Laptop GPU)
[2026-09-05 17:58:08] Epochs: 50 | Batch Size: 256 | Learning Rate: 0.0005 | Weight Decay: 0.01
[2026-09-05 17:58:08] Baseline Strategy: Standard uniform 14x14 grid @ 224 (1 fixation)
[2026-09-05 17:58:08] Log File: /home/anshu/deepak/ViT-Finetuning/checkpoints/train_baseline.log
[2026-09-05 17:58:08] ===========================================================================
[2026-09-05 17:58:09] Parameters -> Total: 5,691,172 | Trainable (LoRA+Head): 314,404 (5.52%)
[2026-09-05 17:58:09] --- Epoch [01/50] (LR: 0.000050) ---
[2026-09-05 18:00:43] ===========================================================================
[2026-09-05 18:00:43] Starting Training: BASELINE Model (FOVI ICML Paper Recipe)
[2026-09-05 18:00:43] Device: cuda (NVIDIA GeForce RTX 5060 Laptop GPU)
[2026-09-05 18:00:43] Epochs: 1 | Batch Size: 256 | Learning Rate: 0.0005 | Weight Decay: 0.01
[2026-09-05 18:00:43] Baseline Strategy: Standard uniform 14x14 grid @ 224 (1 fixation)
[2026-09-05 18:00:43] Log File: /home/anshu/deepak/ViT-Finetuning/checkpoints/train_baseline.log
[2026-09-05 18:00:43] ===========================================================================
[2026-09-05 18:00:43] Parameters -> Total: 5,691,172 | Trainable (LoRA+Head): 314,404 (5.52%)
[2026-09-05 18:00:43] --- Epoch [01/01] (LR: 0.000050) ---
[2026-09-05 18:06:48] ===========================================================================
[2026-09-05 18:06:48] Starting Training: BASELINE Model (FOVI ICML Paper Recipe)
[2026-09-05 18:06:48] Device: cuda (NVIDIA GeForce RTX 5060 Laptop GPU)
[2026-09-05 18:06:48] Epochs: 50 | Batch Size: 64 | Learning Rate: 0.0003 | Weight Decay: 0.01
[2026-09-05 18:06:48] Baseline Strategy: Standard uniform 14x14 grid @ 224 (1 fixation)
[2026-09-05 18:06:48] Log File: /home/anshu/deepak/ViT-Finetuning/checkpoints/train_baseline.log
[2026-09-05 18:06:48] ===========================================================================
[2026-09-05 18:06:49] Parameters -> Total: 5,691,172 | Trainable (LoRA+Head): 314,404 (5.52%)
[2026-09-05 18:06:49] --- Epoch [01/50] (LR: 0.000030) ---
[2026-09-05 18:09:58]   Train -> Loss: 3.9983 | Top-1: 16.69% | Top-5: 34.81% (170.0s)
[2026-09-05 18:09:58]   Val   -> Loss: 2.8338 | Top-1: 45.56% | Top-5: 72.16% (19.5s) [* BEST CHECKPOINT SAVED *]
[2026-09-05 18:09:58] --- Epoch [02/50] (LR: 0.000165) ---
[2026-09-05 18:10:38] ===========================================================================
[2026-09-05 18:10:38] Starting Training: BASELINE Model (FOVI ICML Paper Recipe)
[2026-09-05 18:10:38] Device: cuda (NVIDIA GeForce RTX 5060 Laptop GPU)
[2026-09-05 18:10:38] Epochs: 1 | Batch Size: 64 | Learning Rate: 0.0003 | Weight Decay: 0.01
[2026-09-05 18:10:38] Baseline Strategy: Standard uniform 14x14 grid @ 224 (1 fixation)
[2026-09-05 18:10:38] Log File: /home/anshu/deepak/ViT-Finetuning/checkpoints/train_baseline.log
[2026-09-05 18:10:38] ===========================================================================
[2026-09-05 18:10:39] Parameters -> Total: 5,691,172 | Trainable (LoRA+Head): 314,404 (5.52%)
[2026-09-05 18:10:39] --- Epoch [01/01] (LR: 0.000300) ---
[2026-09-05 18:13:47]   Train -> Loss: 1.4771 | Top-1: 74.88% | Top-5: 87.94% (168.0s)
[2026-09-05 18:13:47]   Val   -> Loss: 0.8384 | Top-1: 89.56% | Top-5: 98.28% (20.6s) [* BEST CHECKPOINT SAVED *]
[2026-09-05 18:13:48] ===========================================================================
[2026-09-05 18:13:48] Training for BASELINE completed!
[2026-09-05 18:13:48] Best Val Top-1 Accuracy : 89.56% (Epoch 1)
[2026-09-05 18:13:48] Best Checkpoint File    : /home/anshu/deepak/ViT-Finetuning/checkpoints/best_baseline_model.pt
[2026-09-05 18:13:48] Final Weights File      : /home/anshu/deepak/ViT-Finetuning/checkpoints/final_baseline_model.pt
[2026-09-05 18:13:48] LoRA Adapter File       : /home/anshu/deepak/ViT-Finetuning/checkpoints/lora_weights_baseline.pt
[2026-09-05 18:13:48] History Metrics File    : /home/anshu/deepak/ViT-Finetuning/checkpoints/history_baseline.json
[2026-09-05 18:13:48] Log File Saved          : /home/anshu/deepak/ViT-Finetuning/checkpoints/train_baseline.log
[2026-09-05 18:13:48] ===========================================================================

[2026-09-05 18:16:30] ===========================================================================
[2026-09-05 18:16:30] Starting Training: BASELINE Model (FOVI ICML Paper Recipe)
[2026-09-05 18:16:30] Device: cuda (NVIDIA GeForce RTX 5060 Laptop GPU)
[2026-09-05 18:16:30] Epochs: 1 | Batch Size: 64 | Learning Rate: 0.0005 | Weight Decay: 0.01
[2026-09-05 18:16:30] Baseline Strategy: Standard uniform 14x14 grid @ 224 (1 fixation)
[2026-09-05 18:16:30] Log File: /home/anshu/deepak/ViT-Finetuning/checkpoints/train_baseline.log
[2026-09-05 18:16:30] ===========================================================================
[2026-09-05 18:16:31] Parameters -> Total: 5,691,172 | Trainable (LoRA+Head): 314,404 (5.52%)
[2026-09-05 18:16:31] --- Epoch [01/01] (LR: 0.000500) ---
[2026-09-05 18:19:40]   Train -> Loss: 1.4686 | Top-1: 73.89% | Top-5: 87.45% (168.1s)
[2026-09-05 18:19:40]   Val   -> Loss: 0.8646 | Top-1: 88.48% | Top-5: 97.90% (20.8s) [* BEST CHECKPOINT SAVED *]
[2026-09-05 18:19:40] ===========================================================================
[2026-09-05 18:19:40] Training for BASELINE completed!
[2026-09-05 18:19:40] Best Val Top-1 Accuracy : 88.48% (Epoch 1)
[2026-09-05 18:19:40] Best Checkpoint File    : /home/anshu/deepak/ViT-Finetuning/checkpoints/best_baseline_model.pt
[2026-09-05 18:19:40] Final Weights File      : /home/anshu/deepak/ViT-Finetuning/checkpoints/final_baseline_model.pt
[2026-09-05 18:19:40] LoRA Adapter File       : /home/anshu/deepak/ViT-Finetuning/checkpoints/lora_weights_baseline.pt
[2026-09-05 18:19:40] History Metrics File    : /home/anshu/deepak/ViT-Finetuning/checkpoints/history_baseline.json
[2026-09-05 18:19:40] Log File Saved          : /home/anshu/deepak/ViT-Finetuning/checkpoints/train_baseline.log
[2026-09-05 18:19:40] ===========================================================================

[2026-09-05 18:32:24] ===========================================================================
[2026-09-05 18:32:24] Starting Training: BASELINE Model (FOVI ICML Paper Recipe)
[2026-09-05 18:32:24] Device: cuda (NVIDIA GeForce RTX 5060 Laptop GPU)
[2026-09-05 18:32:24] Epochs: 1 | Batch Size: 64 | Learning Rate: 0.0005 | Weight Decay: 0.01
[2026-09-05 18:32:24] Baseline Strategy: Standard uniform 14x14 grid @ 224 (1 fixation)
[2026-09-05 18:32:24] Log File: /home/anshu/deepak/ViT-Finetuning/checkpoints/train_baseline.log
[2026-09-05 18:32:24] ===========================================================================
[2026-09-05 18:32:25] Parameters -> Total: 5,691,172 | Trainable (LoRA+Head): 314,404 (5.52%)
[2026-09-05 18:32:25] --- Epoch [01/01] (LR: 0.000500) ---
[2026-09-05 18:35:10] ===========================================================================
[2026-09-05 18:35:10] Starting Training: BASELINE Model (FOVI ICML Paper Recipe)
[2026-09-05 18:35:10] Device: cuda (NVIDIA GeForce RTX 5060 Laptop GPU)
[2026-09-05 18:35:10] Epochs: 1 | Batch Size: 64 | Learning Rate: 0.0005 | Weight Decay: 0.01
[2026-09-05 18:35:10] Baseline Strategy: Standard uniform 14x14 grid @ 224 (1 fixation)
[2026-09-05 18:35:10] Log File: /home/anshu/deepak/ViT-Finetuning/checkpoints/train_baseline.log
[2026-09-05 18:35:10] ===========================================================================
[2026-09-05 18:35:11] Parameters -> Total: 5,691,172 | Trainable (LoRA+Head): 314,404 (5.52%)
[2026-09-05 18:35:11] --- Epoch [01/01] (LR: 0.000500) ---
[2026-09-05 18:38:26]   Train -> Loss: 1.4755 | Top-1: 73.83% | Top-5: 87.29% (173.8s)
[2026-09-05 18:38:26]   Val   -> Loss: 0.8788 | Top-1: 88.02% | Top-5: 98.04% (21.6s) [* BEST CHECKPOINT SAVED *]
[2026-09-05 18:38:26] ===========================================================================
[2026-09-05 18:38:26] Training for BASELINE completed!
[2026-09-05 18:38:26] Best Val Top-1 Accuracy : 88.02% (Epoch 1)
[2026-09-05 18:38:26] Best Checkpoint File    : /home/anshu/deepak/ViT-Finetuning/checkpoints/best_baseline_model.pt
[2026-09-05 18:38:26] Final Weights File      : /home/anshu/deepak/ViT-Finetuning/checkpoints/final_baseline_model.pt
[2026-09-05 18:38:26] LoRA Adapter File       : /home/anshu/deepak/ViT-Finetuning/checkpoints/lora_weights_baseline.pt
[2026-09-05 18:38:26] History Metrics File    : /home/anshu/deepak/ViT-Finetuning/checkpoints/history_baseline.json
[2026-09-05 18:38:26] Log File Saved          : /home/anshu/deepak/ViT-Finetuning/checkpoints/train_baseline.log
[2026-09-05 18:38:26] ===========================================================================

[2026-09-05 18:44:58] ===========================================================================
[2026-09-05 18:44:58] Starting Training: BASELINE Model (FOVI ICML Paper Recipe)
[2026-09-05 18:44:58] Device: cuda (NVIDIA GeForce RTX 5060 Laptop GPU)
[2026-09-05 18:44:58] Epochs: 1 | Batch Size: 64 | Learning Rate: 0.0005 | Weight Decay: 0.01
[2026-09-05 18:44:58] Baseline Strategy: Standard uniform 14x14 grid @ 224 (1 fixation)
[2026-09-05 18:44:58] Log File: /home/anshu/deepak/ViT-Finetuning/checkpoints/train_baseline.log
[2026-09-05 18:44:58] ===========================================================================
[2026-09-05 18:44:58] Parameters -> Total: 5,691,172 | Trainable (LoRA+Head): 314,404 (5.52%)
[2026-09-05 18:44:58] --- Epoch [01/01] (LR: 0.000500) ---
[2026-09-05 18:46:10] ===========================================================================
[2026-09-05 18:46:10] Starting Training: BASELINE Model (FOVI ICML Paper Recipe)
[2026-09-05 18:46:10] Device: cuda (NVIDIA GeForce RTX 5060 Laptop GPU)
[2026-09-05 18:46:10] Epochs: 1 | Batch Size: 64 | Learning Rate: 0.0005 | Weight Decay: 0.01
[2026-09-05 18:46:10] Baseline Strategy: Standard uniform 14x14 grid @ 224 (1 fixation)
[2026-09-05 18:46:10] Log File: /home/anshu/deepak/ViT-Finetuning/checkpoints/train_baseline.log
[2026-09-05 18:46:10] ===========================================================================
[2026-09-05 18:46:11] Parameters -> Total: 5,691,172 | Trainable (LoRA+Head): 314,404 (5.52%)
[2026-09-05 18:46:11] --- Epoch [01/01] (LR: 0.000500) ---
[2026-09-05 18:49:18]   Train -> Loss: 1.3952 | Top-1: 76.00% | Top-5: 89.18% (167.7s)
[2026-09-05 18:49:18]   Val   -> Loss: 0.8567 | Top-1: 88.88% | Top-5: 98.10% (19.3s) [* BEST CHECKPOINT SAVED *]
[2026-09-05 18:49:18] ===========================================================================
[2026-09-05 18:49:18] Training for BASELINE completed!
[2026-09-05 18:49:18] Best Val Top-1 Accuracy : 88.88% (Epoch 1)
[2026-09-05 18:49:18] Best Checkpoint File    : /home/anshu/deepak/ViT-Finetuning/checkpoints/best_baseline_model.pt
[2026-09-05 18:49:18] Final Weights File      : /home/anshu/deepak/ViT-Finetuning/checkpoints/final_baseline_model.pt
[2026-09-05 18:49:18] LoRA Adapter File       : /home/anshu/deepak/ViT-Finetuning/checkpoints/lora_weights_baseline.pt
[2026-09-05 18:49:18] History Metrics File    : /home/anshu/deepak/ViT-Finetuning/checkpoints/history_baseline.json
[2026-09-05 18:49:18] Log File Saved          : /home/anshu/deepak/ViT-Finetuning/checkpoints/train_baseline.log
[2026-09-05 18:49:18] ===========================================================================

[2026-09-05 18:57:41] ===========================================================================
[2026-09-05 18:57:41] Starting Training: BASELINE Model (FOVI ICML Paper Recipe)
[2026-09-05 18:57:41] Device: cuda (NVIDIA GeForce RTX 5060 Laptop GPU)
[2026-09-05 18:57:41] Epochs: 50 | Batch Size: 64 | Learning Rate: 0.0005 | Weight Decay: 0.01
[2026-09-05 18:57:41] Baseline Strategy: Standard uniform 14x14 grid @ 224 (1 fixation)
[2026-09-05 18:57:41] Log File: /home/anshu/deepak/ViT-Finetuning/checkpoints/train_baseline.log
[2026-09-05 18:57:41] ===========================================================================
[2026-09-05 18:57:42] Parameters -> Total: 5,691,172 | Trainable (LoRA+Head): 314,404 (5.52%)
[2026-09-05 18:57:42] --- Epoch [01/50] (LR: 0.000050) ---
[2026-09-05 19:00:47]   Train -> Loss: 3.5232 | Top-1: 28.68% | Top-5: 49.06% (164.6s)
[2026-09-05 19:00:47]   Val   -> Loss: 1.9801 | Top-1: 67.84% | Top-5: 88.92% (20.1s) [* BEST CHECKPOINT SAVED *]
[2026-09-05 19:00:47] --- Epoch [02/50] (LR: 0.000275) ---
[2026-09-05 19:03:48]   Train -> Loss: 1.0252 | Top-1: 85.58% | Top-5: 96.82% (161.9s)
[2026-09-05 19:03:48]   Val   -> Loss: 0.8346 | Top-1: 89.46% | Top-5: 98.38% (19.1s) [* BEST CHECKPOINT SAVED *]
[2026-09-05 19:03:48] --- Epoch [03/50] (LR: 0.000500) ---
[2026-09-05 19:06:51]   Train -> Loss: 0.8380 | Top-1: 89.32% | Top-5: 98.36% (162.6s)
[2026-09-05 19:06:51]   Val   -> Loss: 0.8521 | Top-1: 88.78% | Top-5: 98.04% (20.1s)
[2026-09-05 19:06:51] --- Epoch [04/50] (LR: 0.000499) ---
[2026-09-05 19:09:52]   Train -> Loss: 0.7669 | Top-1: 91.77% | Top-5: 98.90% (162.1s)
[2026-09-05 19:09:52]   Val   -> Loss: 0.8332 | Top-1: 89.32% | Top-5: 98.18% (19.3s)
[2026-09-05 19:09:52] --- Epoch [05/50] (LR: 0.000498) ---
[2026-09-05 19:12:53]   Train -> Loss: 0.7290 | Top-1: 92.90% | Top-5: 99.19% (161.1s)
[2026-09-05 19:12:54]   Val   -> Loss: 0.8344 | Top-1: 89.32% | Top-5: 98.28% (20.2s)
[2026-09-05 19:12:54] --- Epoch [06/50] (LR: 0.000495) ---
[2026-09-05 19:15:55]   Train -> Loss: 0.7016 | Top-1: 93.93% | Top-5: 99.40% (162.0s)
[2026-09-05 19:15:55]   Val   -> Loss: 0.8242 | Top-1: 89.64% | Top-5: 98.18% (19.2s) [* BEST CHECKPOINT SAVED *]
[2026-09-05 19:15:55] --- Epoch [07/50] (LR: 0.000491) ---
[2026-09-05 19:18:58]   Train -> Loss: 0.6834 | Top-1: 94.56% | Top-5: 99.56% (163.2s)
[2026-09-05 19:18:58]   Val   -> Loss: 0.8331 | Top-1: 88.98% | Top-5: 98.16% (20.5s)
[2026-09-05 19:18:58] --- Epoch [08/50] (LR: 0.000487) ---
[2026-09-05 19:22:00]   Train -> Loss: 0.6709 | Top-1: 95.01% | Top-5: 99.63% (162.4s)
[2026-09-05 19:22:00]   Val   -> Loss: 0.8572 | Top-1: 88.56% | Top-5: 98.02% (19.3s)
[2026-09-05 19:22:00] --- Epoch [09/50] (LR: 0.000481) ---
[2026-09-05 19:25:04]   Train -> Loss: 0.6560 | Top-1: 95.62% | Top-5: 99.73% (163.1s)
[2026-09-05 19:25:04]   Val   -> Loss: 0.8502 | Top-1: 89.38% | Top-5: 97.82% (20.4s)
[2026-09-05 19:25:04] --- Epoch [10/50] (LR: 0.000474) ---
[2026-09-05 19:28:07]   Train -> Loss: 0.6400 | Top-1: 96.03% | Top-5: 99.78% (162.9s)
[2026-09-05 19:28:07]   Val   -> Loss: 0.8664 | Top-1: 88.32% | Top-5: 97.64% (20.4s)
[2026-09-05 19:28:07] --- Epoch [11/50] (LR: 0.000467) ---
[2026-09-05 19:31:09]   Train -> Loss: 0.6252 | Top-1: 96.69% | Top-5: 99.84% (163.0s)
[2026-09-05 19:31:09]   Val   -> Loss: 0.8564 | Top-1: 88.88% | Top-5: 97.92% (19.3s)
[2026-09-05 19:31:09] --- Epoch [12/50] (LR: 0.000458) ---
[2026-09-05 19:34:14]   Train -> Loss: 0.6144 | Top-1: 97.03% | Top-5: 99.87% (164.1s)
[2026-09-05 19:34:14]   Val   -> Loss: 0.8631 | Top-1: 88.46% | Top-5: 97.72% (20.6s)
[2026-09-05 19:34:14] --- Epoch [13/50] (LR: 0.000448) ---
[2026-09-05 19:37:17]   Train -> Loss: 0.6103 | Top-1: 97.17% | Top-5: 99.90% (163.7s)
[2026-09-05 19:37:17]   Val   -> Loss: 0.8643 | Top-1: 88.42% | Top-5: 97.60% (18.9s)
[2026-09-05 19:37:17] --- Epoch [14/50] (LR: 0.000438) ---
[2026-09-05 19:40:21]   Train -> Loss: 0.5954 | Top-1: 97.79% | Top-5: 99.93% (163.5s)
[2026-09-05 19:40:21]   Val   -> Loss: 0.8356 | Top-1: 89.36% | Top-5: 98.02% (20.7s)
[2026-09-05 19:40:21] --- Epoch [15/50] (LR: 0.000427) ---
[2026-09-05 19:43:22]   Train -> Loss: 0.5858 | Top-1: 97.96% | Top-5: 99.96% (162.2s)
[2026-09-05 19:43:22]   Val   -> Loss: 0.8706 | Top-1: 88.04% | Top-5: 97.60% (19.0s)
[2026-09-05 19:43:22] --- Epoch [16/50] (LR: 0.000415) ---
[2026-09-05 19:46:26]   Train -> Loss: 0.5754 | Top-1: 98.41% | Top-5: 99.97% (163.7s)
[2026-09-05 19:46:26]   Val   -> Loss: 0.8605 | Top-1: 88.98% | Top-5: 97.38% (20.4s)
[2026-09-05 19:46:26] --- Epoch [17/50] (LR: 0.000402) ---
[2026-09-05 19:49:30]   Train -> Loss: 0.5662 | Top-1: 98.62% | Top-5: 99.98% (165.2s)
[2026-09-05 19:49:30]   Val   -> Loss: 0.8533 | Top-1: 88.82% | Top-5: 97.58% (19.2s)
[2026-09-05 19:49:30] --- Epoch [18/50] (LR: 0.000389) ---
[2026-09-05 19:52:34]   Train -> Loss: 0.5638 | Top-1: 98.66% | Top-5: 99.97% (163.0s)
[2026-09-05 19:52:34]   Val   -> Loss: 0.8409 | Top-1: 89.06% | Top-5: 97.72% (20.6s)
[2026-09-05 19:52:34] --- Epoch [19/50] (LR: 0.000375) ---
[2026-09-05 19:55:36]   Train -> Loss: 0.5516 | Top-1: 99.04% | Top-5: 99.99% (163.1s)
[2026-09-05 19:55:36]   Val   -> Loss: 0.8534 | Top-1: 88.56% | Top-5: 97.58% (19.1s)
[2026-09-05 19:55:36] --- Epoch [20/50] (LR: 0.000361) ---
[2026-09-05 19:58:40]   Train -> Loss: 0.5480 | Top-1: 99.12% | Top-5: 99.98% (163.7s)
[2026-09-05 19:58:41]   Val   -> Loss: 0.8563 | Top-1: 88.54% | Top-5: 97.58% (20.7s)
[2026-09-05 19:58:41] --- Epoch [21/50] (LR: 0.000346) ---
[2026-09-05 20:01:44]   Train -> Loss: 0.5407 | Top-1: 99.33% | Top-5: 100.00% (164.2s)
[2026-09-05 20:01:44]   Val   -> Loss: 0.8628 | Top-1: 88.60% | Top-5: 97.34% (19.3s)
[2026-09-05 20:01:44] --- Epoch [22/50] (LR: 0.000331) ---
[2026-09-05 20:04:48]   Train -> Loss: 0.5310 | Top-1: 99.52% | Top-5: 100.00% (164.0s)
[2026-09-05 20:04:48]   Val   -> Loss: 0.8475 | Top-1: 88.98% | Top-5: 97.74% (20.5s)
[2026-09-05 20:04:48] --- Epoch [23/50] (LR: 0.000315) ---
[2026-09-05 20:07:51]   Train -> Loss: 0.5277 | Top-1: 99.57% | Top-5: 100.00% (163.6s)
[2026-09-05 20:07:51]   Val   -> Loss: 0.8463 | Top-1: 89.14% | Top-5: 97.72% (19.2s)
[2026-09-05 20:07:51] --- Epoch [24/50] (LR: 0.000299) ---
[2026-09-05 20:10:56]   Train -> Loss: 0.5202 | Top-1: 99.66% | Top-5: 100.00% (164.1s)
[2026-09-05 20:10:56]   Val   -> Loss: 0.8286 | Top-1: 89.36% | Top-5: 97.86% (20.5s)
[2026-09-05 20:10:56] --- Epoch [25/50] (LR: 0.000283) ---
[2026-09-05 20:13:59]   Train -> Loss: 0.5214 | Top-1: 99.64% | Top-5: 99.98% (164.4s)
[2026-09-05 20:13:59]   Val   -> Loss: 0.8196 | Top-1: 89.64% | Top-5: 97.92% (19.1s)
[2026-09-05 20:13:59] --- Epoch [26/50] (LR: 0.000267) ---
[2026-09-05 20:17:05]   Train -> Loss: 0.5085 | Top-1: 99.85% | Top-5: 100.00% (164.7s)
[2026-09-05 20:17:05]   Val   -> Loss: 0.8291 | Top-1: 89.56% | Top-5: 97.78% (20.9s)
[2026-09-05 20:17:05] --- Epoch [27/50] (LR: 0.000250) ---
[2026-09-05 20:20:09]   Train -> Loss: 0.5034 | Top-1: 99.85% | Top-5: 100.00% (164.6s)
[2026-09-05 20:20:09]   Val   -> Loss: 0.8200 | Top-1: 89.54% | Top-5: 98.06% (19.3s)
[2026-09-05 20:20:09] --- Epoch [28/50] (LR: 0.000234) ---
[2026-09-05 20:23:13]   Train -> Loss: 0.4991 | Top-1: 99.92% | Top-5: 100.00% (163.7s)
[2026-09-05 20:23:13]   Val   -> Loss: 0.8270 | Top-1: 89.62% | Top-5: 97.62% (20.5s)
[2026-09-05 20:23:13] --- Epoch [29/50] (LR: 0.000218) ---
[2026-09-05 20:26:16]   Train -> Loss: 0.4966 | Top-1: 99.92% | Top-5: 100.00% (162.2s)
[2026-09-05 20:26:16]   Val   -> Loss: 0.8231 | Top-1: 89.56% | Top-5: 97.76% (20.6s)
[2026-09-05 20:26:16] --- Epoch [30/50] (LR: 0.000202) ---
[2026-09-05 20:29:20]   Train -> Loss: 0.4922 | Top-1: 99.95% | Top-5: 100.00% (163.0s)
[2026-09-05 20:29:20]   Val   -> Loss: 0.8187 | Top-1: 89.46% | Top-5: 97.94% (20.7s)
[2026-09-05 20:29:20] --- Epoch [31/50] (LR: 0.000186) ---
[2026-09-05 20:32:23]   Train -> Loss: 0.4884 | Top-1: 99.94% | Top-5: 100.00% (162.5s)
[2026-09-05 20:32:23]   Val   -> Loss: 0.8220 | Top-1: 89.52% | Top-5: 97.80% (20.4s)
[2026-09-05 20:32:23] --- Epoch [32/50] (LR: 0.000170) ---
[2026-09-05 20:35:30]   Train -> Loss: 0.4856 | Top-1: 99.97% | Top-5: 100.00% (164.1s)
[2026-09-05 20:35:30]   Val   -> Loss: 0.8282 | Top-1: 89.18% | Top-5: 97.80% (23.7s)
[2026-09-05 20:35:30] --- Epoch [33/50] (LR: 0.000155) ---
[2026-09-05 20:38:34]   Train -> Loss: 0.4825 | Top-1: 99.98% | Top-5: 100.00% (163.2s)
[2026-09-05 20:38:34]   Val   -> Loss: 0.8180 | Top-1: 89.60% | Top-5: 97.90% (20.6s)
[2026-09-05 20:38:34] --- Epoch [34/50] (LR: 0.000140) ---
[2026-09-05 20:41:38]   Train -> Loss: 0.4799 | Top-1: 99.98% | Top-5: 100.00% (162.9s)
[2026-09-05 20:41:38]   Val   -> Loss: 0.8164 | Top-1: 89.66% | Top-5: 97.90% (20.7s) [* BEST CHECKPOINT SAVED *]
[2026-09-05 20:41:38] --- Epoch [35/50] (LR: 0.000126) ---
[2026-09-05 20:44:40]   Train -> Loss: 0.4771 | Top-1: 99.98% | Top-5: 100.00% (162.9s)
[2026-09-05 20:44:40]   Val   -> Loss: 0.8161 | Top-1: 89.80% | Top-5: 97.76% (19.4s) [* BEST CHECKPOINT SAVED *]
[2026-09-05 20:44:40] --- Epoch [36/50] (LR: 0.000112) ---
[2026-09-05 20:47:44]   Train -> Loss: 0.4751 | Top-1: 99.99% | Top-5: 100.00% (164.4s)
[2026-09-05 20:47:44]   Val   -> Loss: 0.8140 | Top-1: 89.90% | Top-5: 97.96% (19.2s) [* BEST CHECKPOINT SAVED *]
[2026-09-05 20:47:44] --- Epoch [37/50] (LR: 0.000099) ---
[2026-09-05 20:50:48]   Train -> Loss: 0.4730 | Top-1: 99.98% | Top-5: 100.00% (163.5s)
[2026-09-05 20:50:48]   Val   -> Loss: 0.8199 | Top-1: 89.38% | Top-5: 97.88% (20.6s)
[2026-09-05 20:50:48] --- Epoch [38/50] (LR: 0.000086) ---
[2026-09-05 20:53:51]   Train -> Loss: 0.4713 | Top-1: 99.98% | Top-5: 100.00% (163.8s)
[2026-09-05 20:53:51]   Val   -> Loss: 0.8211 | Top-1: 89.38% | Top-5: 97.84% (19.1s)
[2026-09-05 20:53:51] --- Epoch [39/50] (LR: 0.000074) ---
[2026-09-05 20:56:55]   Train -> Loss: 0.4697 | Top-1: 99.99% | Top-5: 100.00% (163.5s)
[2026-09-05 20:56:56]   Val   -> Loss: 0.8236 | Top-1: 89.52% | Top-5: 97.82% (21.0s)
[2026-09-05 20:56:56] --- Epoch [40/50] (LR: 0.000063) ---
[2026-09-05 21:00:00]   Train -> Loss: 0.4682 | Top-1: 99.98% | Top-5: 100.00% (165.0s)
[2026-09-05 21:00:00]   Val   -> Loss: 0.8243 | Top-1: 89.38% | Top-5: 97.84% (19.3s)
[2026-09-05 21:00:00] --- Epoch [41/50] (LR: 0.000053) ---
[2026-09-05 21:03:05]   Train -> Loss: 0.4668 | Top-1: 99.99% | Top-5: 100.00% (164.5s)
[2026-09-05 21:03:05]   Val   -> Loss: 0.8212 | Top-1: 89.68% | Top-5: 97.96% (20.6s)
[2026-09-05 21:03:05] --- Epoch [42/50] (LR: 0.000043) ---
[2026-09-05 21:06:09]   Train -> Loss: 0.4658 | Top-1: 99.99% | Top-5: 100.00% (164.9s)
[2026-09-05 21:06:09]   Val   -> Loss: 0.8214 | Top-1: 89.48% | Top-5: 97.84% (19.1s)
[2026-09-05 21:06:09] --- Epoch [43/50] (LR: 0.000034) ---
[2026-09-05 21:09:12]   Train -> Loss: 0.4652 | Top-1: 99.98% | Top-5: 100.00% (163.8s)
[2026-09-05 21:09:12]   Val   -> Loss: 0.8235 | Top-1: 89.52% | Top-5: 97.84% (19.3s)
[2026-09-05 21:09:12] --- Epoch [44/50] (LR: 0.000027) ---
[2026-09-05 21:12:17]   Train -> Loss: 0.4642 | Top-1: 99.99% | Top-5: 100.00% (164.1s)
[2026-09-05 21:12:17]   Val   -> Loss: 0.8247 | Top-1: 89.70% | Top-5: 97.84% (20.6s)
[2026-09-05 21:12:17] --- Epoch [45/50] (LR: 0.000020) ---
[2026-09-05 21:15:21]   Train -> Loss: 0.4635 | Top-1: 99.98% | Top-5: 100.00% (164.7s)
[2026-09-05 21:15:21]   Val   -> Loss: 0.8283 | Top-1: 89.56% | Top-5: 97.84% (19.1s)
[2026-09-05 21:15:21] --- Epoch [46/50] (LR: 0.000014) ---
[2026-09-05 21:18:26]   Train -> Loss: 0.4630 | Top-1: 99.99% | Top-5: 100.00% (164.7s)
[2026-09-05 21:18:26]   Val   -> Loss: 0.8254 | Top-1: 89.62% | Top-5: 97.82% (20.9s)
[2026-09-05 21:18:26] --- Epoch [47/50] (LR: 0.000010) ---
[2026-09-05 21:21:29]   Train -> Loss: 0.4627 | Top-1: 99.99% | Top-5: 100.00% (162.5s)
[2026-09-05 21:21:29]   Val   -> Loss: 0.8283 | Top-1: 89.52% | Top-5: 97.84% (20.6s)
[2026-09-05 21:21:29] --- Epoch [48/50] (LR: 0.000006) ---
[2026-09-05 21:24:31]   Train -> Loss: 0.4624 | Top-1: 99.99% | Top-5: 100.00% (163.1s)
[2026-09-05 21:24:31]   Val   -> Loss: 0.8283 | Top-1: 89.44% | Top-5: 97.88% (19.2s)
[2026-09-05 21:24:31] --- Epoch [49/50] (LR: 0.000003) ---
[2026-09-05 21:27:36]   Train -> Loss: 0.4621 | Top-1: 99.99% | Top-5: 100.00% (164.1s)
[2026-09-05 21:27:36]   Val   -> Loss: 0.8287 | Top-1: 89.54% | Top-5: 97.86% (20.7s)
[2026-09-05 21:27:36] --- Epoch [50/50] (LR: 0.000002) ---
[2026-09-05 21:30:41]   Train -> Loss: 0.4620 | Top-1: 100.00% | Top-5: 100.00% (165.7s)
[2026-09-05 21:30:41]   Val   -> Loss: 0.8285 | Top-1: 89.54% | Top-5: 97.86% (19.2s)
[2026-09-05 21:30:41] ===========================================================================
[2026-09-05 21:30:41] Training for BASELINE completed!
[2026-09-05 21:30:41] Best Val Top-1 Accuracy : 89.90% (Epoch 36)
[2026-09-05 21:30:41] Best Checkpoint File    : /home/anshu/deepak/ViT-Finetuning/checkpoints/best_baseline_model.pt
[2026-09-05 21:30:41] Final Weights File      : /home/anshu/deepak/ViT-Finetuning/checkpoints/final_baseline_model.pt
[2026-09-05 21:30:41] LoRA Adapter File       : /home/anshu/deepak/ViT-Finetuning/checkpoints/lora_weights_baseline.pt
[2026-09-05 21:30:41] History Metrics File    : /home/anshu/deepak/ViT-Finetuning/checkpoints/history_baseline.json
[2026-09-05 21:30:41] Log File Saved          : /home/anshu/deepak/ViT-Finetuning/checkpoints/train_baseline.log
[2026-09-05 21:30:41] ===========================================================================

